\BOOKMARK [0][-]{chapter.1}{\376\377\0001\000\040\000S\000t\000u\000d\000e\000n\000t\001\163\000\040\000p\000a\001\176\000y\000m\000i\001\163\000\040\000p\000r\000o\000g\000r\000a\000m\000a\000\040\000-\000\040\000v\0002\000.\0000\000\040}{}% 1
\BOOKMARK [1][-]{section.1.1}{\376\377\0001\000.\0001\000\040\001\056\000d\000i\000e\000g\000i\000m\000a\000s}{chapter.1}% 2
\BOOKMARK [2][-]{subsection.1.1.1}{\376\377\0001\000.\0001\000.\0001\000\040\000R\000e\000i\000k\000a\000l\000a\000v\000i\000m\000a\000i}{section.1.1}% 3
\BOOKMARK [2][-]{subsection.1.1.2}{\376\377\0001\000.\0001\000.\0002\000\040\000K\000o\000m\000p\000i\000l\000i\000a\000v\000i\000m\000a\000s\000\040\000s\000u\000\040\000C\000M\000a\000k\000e}{section.1.1}% 4
\BOOKMARK [2][-]{subsection.1.1.3}{\376\377\0001\000.\0001\000.\0003\000\040\000K\000o\000m\000p\000i\000l\000i\000a\000v\000i\000m\000a\000s\000\040\000s\000u\000\040\000M\000a\000k\000e\000f\000i\000l\000e\000\040\000\050\000U\000n\000i\000x\000\051}{section.1.1}% 5
\BOOKMARK [2][-]{subsection.1.1.4}{\376\377\0001\000.\0001\000.\0004\000\040\000K\000o\000m\000p\000i\000l\000i\000a\000v\000i\000m\000a\000s\000\040\000r\000a\000n\000k\000i\000n\000i\000u\000\040\000b\001\153\000d\000u}{section.1.1}% 6
\BOOKMARK [1][-]{section.1.2}{\376\377\0001\000.\0002\000\040\000N\000a\000u\000d\000o\000j\000i\000m\000a\000s}{chapter.1}% 7
\BOOKMARK [2][-]{subsection.1.2.1}{\376\377\0001\000.\0002\000.\0001\000\040\000P\000a\000g\000r\000i\000n\000d\000i\000n\001\027\000\040\000p\000r\000o\000g\000r\000a\000m\000a}{section.1.2}% 8
\BOOKMARK [2][-]{subsection.1.2.2}{\376\377\0001\000.\0002\000.\0002\000\040\000T\000y\000r\000i\000m\000o\000\040\000p\000r\000o\000g\000r\000a\000m\000o\000s}{section.1.2}% 9
\BOOKMARK [2][-]{subsection.1.2.3}{\376\377\0001\000.\0002\000.\0003\000\040\000T\000e\000s\000t\000a\000i}{section.1.2}% 10
\BOOKMARK [2][-]{subsection.1.2.4}{\376\377\0001\000.\0002\000.\0004\000\040\000D\000o\000k\000u\000m\000e\000n\000t\000a\000c\000i\000j\000o\000s\000\040\000g\000e\000n\000e\000r\000a\000v\000i\000m\000a\000s}{section.1.2}% 11
\BOOKMARK [1][-]{section.1.3}{\376\377\0001\000.\0003\000\040\000F\000a\000i\000l\001\163\000\040\000s\000t\000r\000u\000k\000t\001\153\000r\000a}{chapter.1}% 12
\BOOKMARK [1][-]{section.1.4}{\376\377\0001\000.\0004\000\040\000R\000e\000l\000e\000a\000s\000a\000i}{chapter.1}% 13
\BOOKMARK [2][-]{subsection.1.4.1}{\376\377\0001\000.\0004\000.\0001\000\040\000v\0000\000.\0001\000\040\000-\000\040\000p\000r\000a\000d\000i\000n\001\027\000\040\000v\000e\000r\000s\000i\000j\000a}{section.1.4}% 14
\BOOKMARK [2][-]{subsection.1.4.2}{\376\377\0001\000.\0004\000.\0002\000\040\000v\0000\000.\0002}{section.1.4}% 15
\BOOKMARK [2][-]{subsection.1.4.3}{\376\377\0001\000.\0004\000.\0003\000\040\000v\0000\000.\0003}{section.1.4}% 16
\BOOKMARK [2][-]{subsection.1.4.4}{\376\377\0001\000.\0004\000.\0004\000\040\000v\0000\000.\0004}{section.1.4}% 17
\BOOKMARK [2][-]{subsection.1.4.5}{\376\377\0001\000.\0004\000.\0005\000\040\000v\0001\000.\0000}{section.1.4}% 18
\BOOKMARK [2][-]{subsection.1.4.6}{\376\377\0001\000.\0004\000.\0006\000\040\000v\0001\000.\0001}{section.1.4}% 19
\BOOKMARK [2][-]{subsection.1.4.7}{\376\377\0001\000.\0004\000.\0007\000\040\000v\0001\000.\0002\000\040\000-\000\040\000R\000u\000l\000e\000\040\000o\000f\000\040\000F\000i\000v\000e\000\040\000+\000\040\000I\000/\000O\000\040\000o\000p\000e\000r\000a\000t\000o\000r\000i\000a\000i}{section.1.4}% 20
\BOOKMARK [2][-]{subsection.1.4.8}{\376\377\0001\000.\0004\000.\0008\000\040\000v\0001\000.\0005\000\040\000-\000\040\000P\000a\000v\000e\000l\000d\001\027\000j\000i\000m\000a\000s}{section.1.4}% 21
\BOOKMARK [2][-]{subsection.1.4.9}{\376\377\0001\000.\0004\000.\0009\000\040\000v\0002\000.\0000\000\040\000-\000\040\000D\000o\000k\000u\000m\000e\000n\000t\000a\000c\000i\000j\000a\000\040\000+\000\040\000U\000n\000i\000t\000\040\000t\000e\000s\000t\000a\000i}{section.1.4}% 22
\BOOKMARK [1][-]{section.1.5}{\376\377\0001\000.\0005\000\040\000v\0001\000.\0002\000\040\000-\000\040\000R\000u\000l\000e\000\040\000o\000f\000\040\000F\000i\000v\000e\000\040\000p\000a\000a\000i\001\141\000k\000i\000n\000i\000m\000a\000s}{chapter.1}% 23
\BOOKMARK [2][-]{subsection.1.5.1}{\376\377\0001\000.\0005\000.\0001\000\040\000I\000/\000O\000\040\000o\000p\000e\000r\000a\000t\000o\000r\000i\000a\000i}{section.1.5}% 24
\BOOKMARK [2][-]{subsection.1.5.2}{\376\377\0001\000.\0005\000.\0002\000\040\000D\000u\000o\000m\000e\000n\001\163\000\040\001\057\000v\000e\000d\000i\000m\000o\000\040\000b\001\153\000d\000a\000i}{section.1.5}% 25
\BOOKMARK [2][-]{subsection.1.5.3}{\376\377\0001\000.\0005\000.\0003\000\040\000D\000u\000o\000m\000e\000n\001\163\000\040\000i\001\141\000v\000e\000d\000i\000m\000o\000\040\000b\001\153\000d\000a\000i}{section.1.5}% 26
\BOOKMARK [1][-]{section.1.6}{\376\377\0001\000.\0006\000\040\000v\0001\000.\0005\000\040\000-\000\040\000K\000l\000a\000s\000i\001\163\000\040\000h\000i\000e\000r\000a\000r\000c\000h\000i\000j\000a}{chapter.1}% 27
\BOOKMARK [2][-]{subsection.1.6.1}{\376\377\0001\000.\0006\000.\0001\000\040\000K\000o\000d\001\027\000l\000\040\000Z\000m\000o\000g\000u\000s\000\040\000a\000b\000s\000t\000r\000a\000k\000t\000i}{section.1.6}% 28
\BOOKMARK [2][-]{subsection.1.6.2}{\376\377\0001\000.\0006\000.\0002\000\040\000K\000r\000i\000t\000i\000n\000i\000s\000\040\000v\000i\000r\000t\000u\000a\000l\000u\000s\000\040\000d\000e\000s\000t\000r\000u\000k\000t\000o\000r\000i\000u\000s}{section.1.6}% 29
\BOOKMARK [2][-]{subsection.1.6.3}{\376\377\0001\000.\0006\000.\0003\000\040\000P\000o\000l\000i\000m\000o\000r\000f\000i\000z\000m\000a\000s}{section.1.6}% 30
\BOOKMARK [1][-]{section.1.7}{\376\377\0001\000.\0007\000\040\000v\0002\000.\0000\000\040\000-\000\040\000U\000n\000i\000t\000\040\000t\000e\000s\000t\000a\000i}{chapter.1}% 31
\BOOKMARK [2][-]{subsection.1.7.1}{\376\377\0001\000.\0007\000.\0001\000\040\000S\000e\000t\000u\000p}{section.1.7}% 32
\BOOKMARK [2][-]{subsection.1.7.2}{\376\377\0001\000.\0007\000.\0002\000\040\000S\000i\000n\000t\000a\000k\000s\001\027}{section.1.7}% 33
\BOOKMARK [2][-]{subsection.1.7.3}{\376\377\0001\000.\0007\000.\0003\000\040\000P\000a\000d\000e\000n\000g\000i\000a\000m\000o\000s\000\040\000s\000r\000i\000t\000y\000s}{section.1.7}% 34
\BOOKMARK [2][-]{subsection.1.7.4}{\376\377\0001\000.\0007\000.\0004\000\040\000P\000a\000l\000e\000i\000d\000i\000m\000a\000s}{section.1.7}% 35
\BOOKMARK [1][-]{section.1.8}{\376\377\0001\000.\0008\000\040\000K\000o\000n\000t\000e\000i\000n\000e\000r\000i\001\163\000\040\000t\000y\000r\000i\000m\000o\000\040\000r\000e\000z\000u\000l\000t\000a\000t\000a\000i}{chapter.1}% 36
\BOOKMARK [2][-]{subsection.1.8.1}{\376\377\0001\000.\0008\000.\0001\000\040\000N\000u\000s\000k\000a\000i\000t\000y\000m\000a\000s\000\040\000\050\000s\000\051}{section.1.8}% 37
\BOOKMARK [2][-]{subsection.1.8.2}{\376\377\0001\000.\0008\000.\0002\000\040\000R\001\153\001\141\000i\000a\000v\000i\000m\000a\000s\000\040\000\050\000s\000\051}{section.1.8}% 38
\BOOKMARK [1][-]{section.1.9}{\376\377\0001\000.\0009\000\040\000S\000k\000a\000i\000d\000y\000m\000o\000\040\000s\000t\000r\000a\000t\000e\000g\000i\000j\000o\000s}{chapter.1}% 39
\BOOKMARK [2][-]{subsection.1.9.1}{\376\377\0001\000.\0009\000.\0001\000\040\000S\0001\000\040\040\024\000\040\000d\000u\000\040\000n\000a\000u\000j\000i\000\040\000k\000o\000n\000t\000e\000i\000n\000e\000r\000i\000a\000i\000\040\000\050\000c\000o\000p\000y\000\137\000i\000f\000\051}{section.1.9}% 40
\BOOKMARK [2][-]{subsection.1.9.2}{\376\377\0001\000.\0009\000.\0002\000\040\000S\000k\000a\000i\000d\000y\000m\000a\000s\000\040\000\050\000s\000\051}{section.1.9}% 41
\BOOKMARK [2][-]{subsection.1.9.3}{\376\377\0001\000.\0009\000.\0003\000\040\000S\0003\000\040\040\024\000\040\000s\000t\000a\000b\000l\000e\000\137\000p\000a\000r\000t\000i\000t\000i\000o\000n\000\040\000+\000\040\000m\000o\000v\000e\000/\000s\000p\000l\000i\000c\000e}{section.1.9}% 42
\BOOKMARK [2][-]{subsection.1.9.4}{\376\377\0001\000.\0009\000.\0004\000\040\000S\000k\000a\000i\000d\000y\000m\000a\000s\000\040\000\050\000s\000\051}{section.1.9}% 43
\BOOKMARK [2][-]{subsection.1.9.5}{\376\377\0001\000.\0009\000.\0005\000\040\000v\0001\000.\0001}{section.1.9}% 44
\BOOKMARK [0][-]{chapter.2}{\376\377\0002\000\040\000H\000i\000e\000r\000a\000r\000c\000h\000i\000j\000o\000s\000\040\000I\000n\000d\000e\000k\000s\000a\000s}{}% 45
\BOOKMARK [1][-]{section.2.1}{\376\377\0002\000.\0001\000\040\000K\000l\000a\000s\000i\001\163\000\040\000h\000i\000e\000r\000a\000r\000c\000h\000i\000j\000a}{chapter.2}% 46
\BOOKMARK [0][-]{chapter.3}{\376\377\0003\000\040\000K\000l\000a\000s\001\027\000s\000\040\000I\000n\000d\000e\000k\000s\000a\000s}{}% 47
\BOOKMARK [1][-]{section.3.1}{\376\377\0003\000.\0001\000\040\000K\000l\000a\000s\001\027\000s}{chapter.3}% 48
\BOOKMARK [0][-]{chapter.4}{\376\377\0004\000\040\000F\000a\000i\000l\000o\000\040\000I\000n\000d\000e\000k\000s\000a\000s}{}% 49
\BOOKMARK [1][-]{section.4.1}{\376\377\0004\000.\0001\000\040\000F\000a\000i\000l\000a\000i}{chapter.4}% 50
\BOOKMARK [0][-]{chapter.5}{\376\377\0005\000\040\000K\000l\000a\000s\001\027\000s\000\040\000D\000o\000k\000u\000m\000e\000n\000t\000a\000c\000i\000j\000a}{}% 51
\BOOKMARK [1][-]{section.5.1}{\376\377\0005\000.\0001\000\040\000S\000t\000u\000d\000e\000n\000t\000a\000s\000\040\000K\000l\000a\000s\001\027}{chapter.5}% 52
\BOOKMARK [2][-]{subsection.5.1.1}{\376\377\0005\000.\0001\000.\0001\000\040\000S\000m\000u\000l\000k\000u\000s\000\040\000a\000p\000r\000a\001\141\000y\000m\000a\000s}{section.5.1}% 53
\BOOKMARK [2][-]{subsection.5.1.2}{\376\377\0005\000.\0001\000.\0002\000\040\000K\000o\000n\000s\000t\000r\000u\000k\000t\000o\000r\000i\000a\000u\000s\000\040\000i\000r\000\040\000D\000e\000s\000t\000r\000u\000k\000t\000o\000r\000i\000a\000u\000s\000\040\000D\000o\000k\000u\000m\000e\000n\000t\000a\000c\000i\000j\000a}{section.5.1}% 54
\BOOKMARK [3][-]{subsubsection.5.1.2.1}{\376\377\0005\000.\0001\000.\0002\000.\0001\000\040\000S\000t\000u\000d\000e\000n\000t\000a\000s\000\050\000\051\000\040\000[\0001\000/\0004\000]}{subsection.5.1.2}% 55
\BOOKMARK [3][-]{subsubsection.5.1.2.2}{\376\377\0005\000.\0001\000.\0002\000.\0002\000\040\000S\000t\000u\000d\000e\000n\000t\000a\000s\000\050\000\051\000\040\000[\0002\000/\0004\000]}{subsection.5.1.2}% 56
\BOOKMARK [3][-]{subsubsection.5.1.2.3}{\376\377\0005\000.\0001\000.\0002\000.\0003\000\040\000~\000S\000t\000u\000d\000e\000n\000t\000a\000s\000\050\000\051}{subsection.5.1.2}% 57
\BOOKMARK [3][-]{subsubsection.5.1.2.4}{\376\377\0005\000.\0001\000.\0002\000.\0004\000\040\000S\000t\000u\000d\000e\000n\000t\000a\000s\000\050\000\051\000\040\000[\0003\000/\0004\000]}{subsection.5.1.2}% 58
\BOOKMARK [3][-]{subsubsection.5.1.2.5}{\376\377\0005\000.\0001\000.\0002\000.\0005\000\040\000S\000t\000u\000d\000e\000n\000t\000a\000s\000\050\000\051\000\040\000[\0004\000/\0004\000]}{subsection.5.1.2}% 59
\BOOKMARK [2][-]{subsection.5.1.3}{\376\377\0005\000.\0001\000.\0003\000\040\000M\000e\000t\000o\000d\001\163\000\040\000D\000o\000k\000u\000m\000e\000n\000t\000a\000c\000i\000j\000a}{section.5.1}% 60
\BOOKMARK [3][-]{subsubsection.5.1.3.1}{\376\377\0005\000.\0001\000.\0003\000.\0001\000\040\000a\000d\000d\000P\000a\000z\000y\000m\000y\000s\000\050\000\051}{subsection.5.1.3}% 61
\BOOKMARK [3][-]{subsubsection.5.1.3.2}{\376\377\0005\000.\0001\000.\0003\000.\0002\000\040\000a\000p\000s\000k\000a\000i\000c\000i\000u\000o\000t\000i\000\050\000\051}{subsection.5.1.3}% 62
\BOOKMARK [3][-]{subsubsection.5.1.3.3}{\376\377\0005\000.\0001\000.\0003\000.\0003\000\040\000e\000g\000z\000\050\000\051}{subsection.5.1.3}% 63
\BOOKMARK [3][-]{subsubsection.5.1.3.4}{\376\377\0005\000.\0001\000.\0003\000.\0004\000\040\000g\000a\000l\000M\000e\000d\000\050\000\051}{subsection.5.1.3}% 64
\BOOKMARK [3][-]{subsubsection.5.1.3.5}{\376\377\0005\000.\0001\000.\0003\000.\0005\000\040\000g\000a\000l\000V\000i\000d\000\050\000\051}{subsection.5.1.3}% 65
\BOOKMARK [3][-]{subsubsection.5.1.3.6}{\376\377\0005\000.\0001\000.\0003\000.\0006\000\040\000n\000u\000s\000t\000a\000t\000y\000t\000i\000E\000g\000z\000I\000s\000G\000a\000l\000o\000\050\000\051}{subsection.5.1.3}% 66
\BOOKMARK [3][-]{subsubsection.5.1.3.7}{\376\377\0005\000.\0001\000.\0003\000.\0007\000\040\000o\000p\000e\000r\000a\000t\000o\000r\000=\000\050\000\051\000\040\000[\0001\000/\0002\000]}{subsection.5.1.3}% 67
\BOOKMARK [3][-]{subsubsection.5.1.3.8}{\376\377\0005\000.\0001\000.\0003\000.\0008\000\040\000o\000p\000e\000r\000a\000t\000o\000r\000=\000\050\000\051\000\040\000[\0002\000/\0002\000]}{subsection.5.1.3}% 68
\BOOKMARK [3][-]{subsubsection.5.1.3.9}{\376\377\0005\000.\0001\000.\0003\000.\0009\000\040\000p\000a\000z\000\050\000\051}{subsection.5.1.3}% 69
\BOOKMARK [3][-]{subsubsection.5.1.3.10}{\376\377\0005\000.\0001\000.\0003\000.\0001\0000\000\040\000s\000e\000t\000E\000g\000z\000\050\000\051}{subsection.5.1.3}% 70
\BOOKMARK [3][-]{subsubsection.5.1.3.11}{\376\377\0005\000.\0001\000.\0003\000.\0001\0001\000\040\000s\000k\000a\000i\000c\000i\000u\000o\000t\000i\000M\000e\000d\000i\000a\000n\000a\000\050\000\051}{subsection.5.1.3}% 71
\BOOKMARK [3][-]{subsubsection.5.1.3.12}{\376\377\0005\000.\0001\000.\0003\000.\0001\0002\000\040\000s\000k\000a\000i\000c\000i\000u\000o\000t\000i\000V\000i\000d\000u\000r\000k\000i\000\050\000\051}{subsection.5.1.3}% 72
\BOOKMARK [3][-]{subsubsection.5.1.3.13}{\376\377\0005\000.\0001\000.\0003\000.\0001\0003\000\040\000s\000p\000a\000u\000s\000d\000i\000n\000t\000i\000\050\000\051}{subsection.5.1.3}% 73
\BOOKMARK [2][-]{subsection.5.1.4}{\376\377\0005\000.\0001\000.\0004\000\040\000D\000r\000a\000u\000g\000i\001\141\000k\001\163\000\040\000I\000r\000\040\000S\000u\000s\000i\000j\000u\000s\000i\001\163\000\040\000F\000u\000n\000k\000c\000i\000j\001\163\000\040\000D\000o\000k\000u\000m\000e\000n\000t\000a\000c\000i\000j\000a}{section.5.1}% 74
\BOOKMARK [3][-]{subsubsection.5.1.4.1}{\376\377\0005\000.\0001\000.\0004\000.\0001\000\040\000o\000p\000e\000r\000a\000t\000o\000r\000>\000>}{subsection.5.1.4}% 75
\BOOKMARK [2][-]{subsection.5.1.5}{\376\377\0005\000.\0001\000.\0005\000\040\000A\000t\000r\000i\000b\000u\000t\001\163\000\040\000D\000o\000k\000u\000m\000e\000n\000t\000a\000c\000i\000j\000a}{section.5.1}% 76
\BOOKMARK [3][-]{subsubsection.5.1.5.1}{\376\377\0005\000.\0001\000.\0005\000.\0001\000\040\000e\000g\000z\000\137}{subsection.5.1.5}% 77
\BOOKMARK [3][-]{subsubsection.5.1.5.2}{\376\377\0005\000.\0001\000.\0005\000.\0002\000\040\000g\000a\000l\000\137\000m\000e\000d\000\137}{subsection.5.1.5}% 78
\BOOKMARK [3][-]{subsubsection.5.1.5.3}{\376\377\0005\000.\0001\000.\0005\000.\0003\000\040\000g\000a\000l\000\137\000v\000i\000d\000\137}{subsection.5.1.5}% 79
\BOOKMARK [3][-]{subsubsection.5.1.5.4}{\376\377\0005\000.\0001\000.\0005\000.\0004\000\040\000p\000a\000z\000\137}{subsection.5.1.5}% 80
\BOOKMARK [1][-]{section.5.2}{\376\377\0005\000.\0002\000\040\000Z\000m\000o\000g\000u\000s\000\040\000K\000l\000a\000s\001\027}{chapter.5}% 81
\BOOKMARK [2][-]{subsection.5.2.1}{\376\377\0005\000.\0002\000.\0001\000\040\000S\000m\000u\000l\000k\000u\000s\000\040\000a\000p\000r\000a\001\141\000y\000m\000a\000s}{section.5.2}% 82
\BOOKMARK [2][-]{subsection.5.2.2}{\376\377\0005\000.\0002\000.\0002\000\040\000K\000o\000n\000s\000t\000r\000u\000k\000t\000o\000r\000i\000a\000u\000s\000\040\000i\000r\000\040\000D\000e\000s\000t\000r\000u\000k\000t\000o\000r\000i\000a\000u\000s\000\040\000D\000o\000k\000u\000m\000e\000n\000t\000a\000c\000i\000j\000a}{section.5.2}% 83
\BOOKMARK [3][-]{subsubsection.5.2.2.1}{\376\377\0005\000.\0002\000.\0002\000.\0001\000\040\000Z\000m\000o\000g\000u\000s\000\050\000\051\000\040\000[\0001\000/\0004\000]}{subsection.5.2.2}% 84
\BOOKMARK [3][-]{subsubsection.5.2.2.2}{\376\377\0005\000.\0002\000.\0002\000.\0002\000\040\000Z\000m\000o\000g\000u\000s\000\050\000\051\000\040\000[\0002\000/\0004\000]}{subsection.5.2.2}% 85
\BOOKMARK [3][-]{subsubsection.5.2.2.3}{\376\377\0005\000.\0002\000.\0002\000.\0003\000\040\000Z\000m\000o\000g\000u\000s\000\050\000\051\000\040\000[\0003\000/\0004\000]}{subsection.5.2.2}% 86
\BOOKMARK [3][-]{subsubsection.5.2.2.4}{\376\377\0005\000.\0002\000.\0002\000.\0004\000\040\000Z\000m\000o\000g\000u\000s\000\050\000\051\000\040\000[\0004\000/\0004\000]}{subsection.5.2.2}% 87
\BOOKMARK [3][-]{subsubsection.5.2.2.5}{\376\377\0005\000.\0002\000.\0002\000.\0005\000\040\000~\000Z\000m\000o\000g\000u\000s\000\050\000\051}{subsection.5.2.2}% 88
\BOOKMARK [2][-]{subsection.5.2.3}{\376\377\0005\000.\0002\000.\0003\000\040\000M\000e\000t\000o\000d\001\163\000\040\000D\000o\000k\000u\000m\000e\000n\000t\000a\000c\000i\000j\000a}{section.5.2}% 89
\BOOKMARK [3][-]{subsubsection.5.2.3.1}{\376\377\0005\000.\0002\000.\0003\000.\0001\000\040\000o\000p\000e\000r\000a\000t\000o\000r\000=\000\050\000\051\000\040\000[\0001\000/\0002\000]}{subsection.5.2.3}% 90
\BOOKMARK [3][-]{subsubsection.5.2.3.2}{\376\377\0005\000.\0002\000.\0003\000.\0002\000\040\000o\000p\000e\000r\000a\000t\000o\000r\000=\000\050\000\051\000\040\000[\0002\000/\0002\000]}{subsection.5.2.3}% 91
\BOOKMARK [3][-]{subsubsection.5.2.3.3}{\376\377\0005\000.\0002\000.\0003\000.\0003\000\040\000p\000a\000v\000a\000r\000d\000e\000\050\000\051}{subsection.5.2.3}% 92
\BOOKMARK [3][-]{subsubsection.5.2.3.4}{\376\377\0005\000.\0002\000.\0003\000.\0004\000\040\000s\000e\000t\000P\000a\000v\000a\000r\000d\000e\000\050\000\051}{subsection.5.2.3}% 93
\BOOKMARK [3][-]{subsubsection.5.2.3.5}{\376\377\0005\000.\0002\000.\0003\000.\0005\000\040\000s\000e\000t\000V\000a\000r\000d\000a\000s\000\050\000\051}{subsection.5.2.3}% 94
\BOOKMARK [3][-]{subsubsection.5.2.3.6}{\376\377\0005\000.\0002\000.\0003\000.\0006\000\040\000s\000p\000a\000u\000s\000d\000i\000n\000t\000i\000\050\000\051}{subsection.5.2.3}% 95
\BOOKMARK [3][-]{subsubsection.5.2.3.7}{\376\377\0005\000.\0002\000.\0003\000.\0007\000\040\000v\000a\000r\000d\000a\000s\000\050\000\051}{subsection.5.2.3}% 96
\BOOKMARK [2][-]{subsection.5.2.4}{\376\377\0005\000.\0002\000.\0004\000\040\000A\000t\000r\000i\000b\000u\000t\001\163\000\040\000D\000o\000k\000u\000m\000e\000n\000t\000a\000c\000i\000j\000a}{section.5.2}% 97
\BOOKMARK [3][-]{subsubsection.5.2.4.1}{\376\377\0005\000.\0002\000.\0004\000.\0001\000\040\000p\000a\000v\000a\000r\000d\000e\000\137}{subsection.5.2.4}% 98
\BOOKMARK [3][-]{subsubsection.5.2.4.2}{\376\377\0005\000.\0002\000.\0004\000.\0002\000\040\000v\000a\000r\000d\000a\000s\000\137}{subsection.5.2.4}% 99
\BOOKMARK [0][-]{chapter.6}{\376\377\0006\000\040\000F\000a\000i\000l\000o\000\040\000D\000o\000k\000u\000m\000e\000n\000t\000a\000c\000i\000j\000a}{}% 100
\BOOKMARK [1][-]{section.6.1}{\376\377\0006\000.\0001\000\040\000f\000u\000n\000k\000c\000i\000j\000o\000s\000.\000c\000p\000p\000\040\000F\000a\000i\000l\000o\000\040\000N\000u\000o\000r\000o\000d\000a}{chapter.6}% 101
\BOOKMARK [2][-]{subsection.6.1.1}{\376\377\0006\000.\0001\000.\0001\000\040\000A\000p\000i\000b\000r\001\027\001\176\000i\000m\001\163\000\040\000D\000o\000k\000u\000m\000e\000n\000t\000a\000c\000i\000j\000a}{section.6.1}% 102
\BOOKMARK [3][-]{subsubsection.6.1.1.1}{\376\377\0006\000.\0001\000.\0001\000.\0001\000\040\000N\000O\000M\000I\000N\000M\000A\000X}{subsection.6.1.1}% 103
\BOOKMARK [3][-]{subsubsection.6.1.1.2}{\376\377\0006\000.\0001\000.\0001\000.\0002\000\040\000W\000I\000N\0003\0002\000\137\000L\000E\000A\000N\000\137\000A\000N\000D\000\137\000M\000E\000A\000N}{subsection.6.1.1}% 104
\BOOKMARK [2][-]{subsection.6.1.2}{\376\377\0006\000.\0001\000.\0002\000\040\000F\000u\000n\000k\000c\000i\000j\000o\000s\000\040\000D\000o\000k\000u\000m\000e\000n\000t\000a\000c\000i\000j\000a}{section.6.1}% 105
\BOOKMARK [3][-]{subsubsection.6.1.2.1}{\376\377\0006\000.\0001\000.\0002\000.\0001\000\040\000g\000a\000u\000t\000i\000S\000k\000a\000i\000c\000i\000u\000\050\000\051}{subsection.6.1.2}% 106
\BOOKMARK [3][-]{subsubsection.6.1.2.2}{\376\377\0006\000.\0001\000.\0002\000.\0002\000\040\000g\000e\000n\000F\000a\000i\000l\000a\000\050\000\051}{subsection.6.1.2}% 107
\BOOKMARK [3][-]{subsubsection.6.1.2.3}{\376\377\0006\000.\0001\000.\0002\000.\0003\000\040\000g\000e\000n\000P\000a\000v\000a\000r\000d\000e\000\050\000\051}{subsection.6.1.2}% 108
\BOOKMARK [3][-]{subsubsection.6.1.2.4}{\376\377\0006\000.\0001\000.\0002\000.\0004\000\040\000g\000e\000n\000P\000a\000z\000y\000m\000i\000u\000s\000\050\000\051}{subsection.6.1.2}% 109
\BOOKMARK [3][-]{subsubsection.6.1.2.5}{\376\377\0006\000.\0001\000.\0002\000.\0005\000\040\000g\000e\000n\000V\000a\000r\000d\000a\000\050\000\051}{subsection.6.1.2}% 110
\BOOKMARK [3][-]{subsubsection.6.1.2.6}{\376\377\0006\000.\0001\000.\0002\000.\0006\000\040\000m\000t\000\050\000\051}{subsection.6.1.2}% 111
\BOOKMARK [3][-]{subsubsection.6.1.2.7}{\376\377\0006\000.\0001\000.\0002\000.\0007\000\040\000s\000k\000a\000i\000t\000y\000t\000i\000D\000e\000q\000u\000e\000\050\000\051}{subsection.6.1.2}% 112
\BOOKMARK [3][-]{subsubsection.6.1.2.8}{\376\377\0006\000.\0001\000.\0002\000.\0008\000\040\000s\000k\000a\000i\000t\000y\000t\000i\000L\000i\000s\000t\000\050\000\051}{subsection.6.1.2}% 113
\BOOKMARK [3][-]{subsubsection.6.1.2.9}{\376\377\0006\000.\0001\000.\0002\000.\0009\000\040\000s\000k\000a\000i\000t\000y\000t\000i\000V\000e\000c\000t\000o\000r\000\050\000\051}{subsection.6.1.2}% 114
\BOOKMARK [3][-]{subsubsection.6.1.2.10}{\376\377\0006\000.\0001\000.\0002\000.\0001\0000\000\040\000s\000k\000i\000r\000s\000t\000y\000t\000i\000D\000e\000q\000u\000e\000\050\000\051}{subsection.6.1.2}% 115
\BOOKMARK [3][-]{subsubsection.6.1.2.11}{\376\377\0006\000.\0001\000.\0002\000.\0001\0001\000\040\000s\000k\000i\000r\000s\000t\000y\000t\000i\000L\000i\000s\000t\000\050\000\051}{subsection.6.1.2}% 116
\BOOKMARK [3][-]{subsubsection.6.1.2.12}{\376\377\0006\000.\0001\000.\0002\000.\0001\0002\000\040\000s\000k\000i\000r\000s\000t\000y\000t\000i\000V\000e\000c\000t\000o\000r\000\050\000\051}{subsection.6.1.2}% 117
\BOOKMARK [1][-]{section.6.2}{\376\377\0006\000.\0002\000\040\000R\000E\000A\000D\000M\000E\000.\000m\000d\000\040\000F\000a\000i\000l\000o\000\040\000N\000u\000o\000r\000o\000d\000a}{chapter.6}% 118
\BOOKMARK [1][-]{section.6.3}{\376\377\0006\000.\0003\000\040\000s\000t\000r\000u\000k\000t\000u\000r\000a\000.\000h\000\040\000F\000a\000i\000l\000o\000\040\000N\000u\000o\000r\000o\000d\000a}{chapter.6}% 119
\BOOKMARK [2][-]{subsection.6.3.1}{\376\377\0006\000.\0003\000.\0001\000\040\000S\000m\000u\000l\000k\000u\000s\000\040\000a\000p\000r\000a\001\141\000y\000m\000a\000s}{section.6.3}% 120
\BOOKMARK [2][-]{subsection.6.3.2}{\376\377\0006\000.\0003\000.\0002\000\040\000A\000p\000i\000b\000r\001\027\001\176\000i\000m\001\163\000\040\000D\000o\000k\000u\000m\000e\000n\000t\000a\000c\000i\000j\000a}{section.6.3}% 121
\BOOKMARK [3][-]{subsubsection.6.3.2.1}{\376\377\0006\000.\0003\000.\0002\000.\0001\000\040\000N\000O\000M\000I\000N\000M\000A\000X}{subsection.6.3.2}% 122
\BOOKMARK [3][-]{subsubsection.6.3.2.2}{\376\377\0006\000.\0003\000.\0002\000.\0002\000\040\000W\000I\000N\0003\0002\000\137\000L\000E\000A\000N\000\137\000A\000N\000D\000\137\000M\000E\000A\000N}{subsection.6.3.2}% 123
\BOOKMARK [2][-]{subsection.6.3.3}{\376\377\0006\000.\0003\000.\0003\000\040\000F\000u\000n\000k\000c\000i\000j\000o\000s\000\040\000D\000o\000k\000u\000m\000e\000n\000t\000a\000c\000i\000j\000a}{section.6.3}% 124
\BOOKMARK [3][-]{subsubsection.6.3.3.1}{\376\377\0006\000.\0003\000.\0003\000.\0001\000\040\000g\000a\000u\000t\000i\000S\000k\000a\000i\000c\000i\000u\000\050\000\051}{subsection.6.3.3}% 125
\BOOKMARK [3][-]{subsubsection.6.3.3.2}{\376\377\0006\000.\0003\000.\0003\000.\0002\000\040\000g\000e\000n\000F\000a\000i\000l\000a\000\050\000\051}{subsection.6.3.3}% 126
\BOOKMARK [3][-]{subsubsection.6.3.3.3}{\376\377\0006\000.\0003\000.\0003\000.\0003\000\040\000g\000e\000n\000P\000a\000v\000a\000r\000d\000e\000\050\000\051}{subsection.6.3.3}% 127
\BOOKMARK [3][-]{subsubsection.6.3.3.4}{\376\377\0006\000.\0003\000.\0003\000.\0004\000\040\000g\000e\000n\000P\000a\000z\000y\000m\000i\000u\000s\000\050\000\051}{subsection.6.3.3}% 128
\BOOKMARK [3][-]{subsubsection.6.3.3.5}{\376\377\0006\000.\0003\000.\0003\000.\0005\000\040\000g\000e\000n\000V\000a\000r\000d\000a\000\050\000\051}{subsection.6.3.3}% 129
\BOOKMARK [3][-]{subsubsection.6.3.3.6}{\376\377\0006\000.\0003\000.\0003\000.\0006\000\040\000o\000p\000e\000r\000a\000t\000o\000r\000<\000<\000\050\000\051}{subsection.6.3.3}% 130
\BOOKMARK [3][-]{subsubsection.6.3.3.7}{\376\377\0006\000.\0003\000.\0003\000.\0007\000\040\000o\000p\000e\000r\000a\000t\000o\000r\000>\000>\000\050\000\051}{subsection.6.3.3}% 131
\BOOKMARK [3][-]{subsubsection.6.3.3.8}{\376\377\0006\000.\0003\000.\0003\000.\0008\000\040\000s\000k\000a\000i\000t\000y\000t\000i\000D\000e\000q\000u\000e\000\050\000\051}{subsection.6.3.3}% 132
\BOOKMARK [3][-]{subsubsection.6.3.3.9}{\376\377\0006\000.\0003\000.\0003\000.\0009\000\040\000s\000k\000a\000i\000t\000y\000t\000i\000I\000s\000F\000a\000i\000l\000o\000\050\000\051}{subsection.6.3.3}% 133
\BOOKMARK [3][-]{subsubsection.6.3.3.10}{\376\377\0006\000.\0003\000.\0003\000.\0001\0000\000\040\000s\000k\000a\000i\000t\000y\000t\000i\000L\000i\000s\000t\000\050\000\051}{subsection.6.3.3}% 134
\BOOKMARK [3][-]{subsubsection.6.3.3.11}{\376\377\0006\000.\0003\000.\0003\000.\0001\0001\000\040\000s\000k\000a\000i\000t\000y\000t\000i\000V\000e\000c\000t\000o\000r\000\050\000\051}{subsection.6.3.3}% 135
\BOOKMARK [3][-]{subsubsection.6.3.3.12}{\376\377\0006\000.\0003\000.\0003\000.\0001\0002\000\040\000s\000k\000i\000r\000s\000t\000y\000t\000i\000D\000e\000q\000u\000e\000\050\000\051}{subsection.6.3.3}% 136
\BOOKMARK [3][-]{subsubsection.6.3.3.13}{\376\377\0006\000.\0003\000.\0003\000.\0001\0003\000\040\000s\000k\000i\000r\000s\000t\000y\000t\000i\000L\000i\000s\000t\000\050\000\051}{subsection.6.3.3}% 137
\BOOKMARK [3][-]{subsubsection.6.3.3.14}{\376\377\0006\000.\0003\000.\0003\000.\0001\0004\000\040\000s\000k\000i\000r\000s\000t\000y\000t\000i\000V\000e\000c\000t\000o\000r\000\050\000\051}{subsection.6.3.3}% 138
\BOOKMARK [3][-]{subsubsection.6.3.3.15}{\376\377\0006\000.\0003\000.\0003\000.\0001\0005\000\040\000s\000p\000a\000u\000s\000d\000i\000n\000t\000i\000R\000e\000z\000u\000l\000t\000a\000t\000u\000s\000\050\000\051}{subsection.6.3.3}% 139
\BOOKMARK [3][-]{subsubsection.6.3.3.16}{\376\377\0006\000.\0003\000.\0003\000.\0001\0006\000\040\000s\000p\000l\000i\000t\000S\000t\000u\000d\000e\000n\000t\000s\000\050\000\051}{subsection.6.3.3}% 140
\BOOKMARK [3][-]{subsubsection.6.3.3.17}{\376\377\0006\000.\0003\000.\0003\000.\0001\0007\000\040\000t\000e\000s\000t\0001\000\050\000\051}{subsection.6.3.3}% 141
\BOOKMARK [3][-]{subsubsection.6.3.3.18}{\376\377\0006\000.\0003\000.\0003\000.\0001\0008\000\040\000t\000e\000s\000t\0002\000\050\000\051}{subsection.6.3.3}% 142
\BOOKMARK [3][-]{subsubsection.6.3.3.19}{\376\377\0006\000.\0003\000.\0003\000.\0001\0009\000\040\000v\000y\000k\000d\000y\000t\000i\000V\000e\000c\000t\000o\000r\000\050\000\051}{subsection.6.3.3}% 143
\BOOKMARK [1][-]{section.6.4}{\376\377\0006\000.\0004\000\040\000s\000t\000r\000u\000k\000t\000u\000r\000a\000.\000h}{chapter.6}% 144
\BOOKMARK [1][-]{section.6.5}{\376\377\0006\000.\0005\000\040\000U\000z\000d\0002\000.\000c\000p\000p\000\040\000F\000a\000i\000l\000o\000\040\000N\000u\000o\000r\000o\000d\000a}{chapter.6}% 145
\BOOKMARK [2][-]{subsection.6.5.1}{\376\377\0006\000.\0005\000.\0001\000\040\000F\000u\000n\000k\000c\000i\000j\000o\000s\000\040\000D\000o\000k\000u\000m\000e\000n\000t\000a\000c\000i\000j\000a}{section.6.5}% 146
\BOOKMARK [3][-]{subsubsection.6.5.1.1}{\376\377\0006\000.\0005\000.\0001\000.\0001\000\040\000m\000a\000i\000n\000\050\000\051}{subsection.6.5.1}% 147
\BOOKMARK [1][-]{section.6.6}{\376\377\0006\000.\0006\000\040\000v\000e\000k\000t\000o\000r\000i\000u\000s\000.\000c\000p\000p\000\040\000F\000a\000i\000l\000o\000\040\000N\000u\000o\000r\000o\000d\000a}{chapter.6}% 148
\BOOKMARK [2][-]{subsection.6.6.1}{\376\377\0006\000.\0006\000.\0001\000\040\000F\000u\000n\000k\000c\000i\000j\000o\000s\000\040\000D\000o\000k\000u\000m\000e\000n\000t\000a\000c\000i\000j\000a}{section.6.6}% 149
\BOOKMARK [3][-]{subsubsection.6.6.1.1}{\376\377\0006\000.\0006\000.\0001\000.\0001\000\040\000s\000k\000a\000i\000t\000y\000t\000i\000I\000s\000F\000a\000i\000l\000o\000\050\000\051}{subsection.6.6.1}% 150
\BOOKMARK [3][-]{subsubsection.6.6.1.2}{\376\377\0006\000.\0006\000.\0001\000.\0002\000\040\000s\000p\000a\000u\000s\000d\000i\000n\000t\000i\000R\000e\000z\000u\000l\000t\000a\000t\000u\000s\000\050\000\051}{subsection.6.6.1}% 151
\BOOKMARK [3][-]{subsubsection.6.6.1.3}{\376\377\0006\000.\0006\000.\0001\000.\0003\000\040\000s\000p\000l\000i\000t\000S\000t\000u\000d\000e\000n\000t\000s\000\050\000\051}{subsection.6.6.1}% 152
\BOOKMARK [3][-]{subsubsection.6.6.1.4}{\376\377\0006\000.\0006\000.\0001\000.\0004\000\040\000v\000y\000k\000d\000y\000t\000i\000V\000e\000c\000t\000o\000r\000\050\000\051}{subsection.6.6.1}% 153
\BOOKMARK [2][-]{subsection.6.6.2}{\376\377\0006\000.\0006\000.\0002\000\040\000K\000i\000n\000t\000a\000m\000o\000j\000o\000\040\000D\000o\000k\000u\000m\000e\000n\000t\000a\000c\000i\000j\000a}{section.6.6}% 154
\BOOKMARK [3][-]{subsubsection.6.6.2.1}{\376\377\0006\000.\0006\000.\0002\000.\0001\000\040\000D\000A\000T\000A\000\137\000D\000I\000R}{subsection.6.6.2}% 155
